string
map
array
array
false
false
الملف غير موجود: no_such.wav
الملف غير موجود: no_such.mp4
الملف غير موجود: no_such.mp4
الملف غير موجود: no_such.png
الملف غير موجود: no_such.png
البروتوكول غير مسموح — المتاح http:// و https:// فقط
البروتوكول غير مسموح — المتاح http:// و https:// فقط
رابط غير صالح — المسموح http:// أو https:// فقط
false
فعل HTTP غير مدعوم: TELEPORT
false
auth يجب أن يكون نصاً (Bearer) أو قاموساً
رابط غير صالح — المسموح http:// أو https:// فقط
true
E0004
E0007
E0004
E0004
hi
